// Jest Snapshot v1, https://goo.gl/fbAQLP

exports[`fuel checkbox snapshot 1`] = `undefined`;
