// Jest Snapshot v1, https://goo.gl/fbAQLP

exports[`Product card snapshot test 1`] = `undefined`;
